[sweep] notebooks/NEURON data parallel/normal/20260721_163430_spikeonly
[sweep] grid bins=[1, 2, 3, 4, 5, 7, 10] lags=[2, 3, 4, 6, 8] l2s=[0.5, 1, 2, 5, 10] folds=3  (175 configs)
[sweep] bin=1ms  M[926x3000000]  50rec  load 0.4s
  bin=1    lag=2 l2=0.5   repro=0.588  R2=-0.0025  connAUC[peak/lag1/sum]=0.717/0.665/0.682
  bin=1    lag=2 l2=1     repro=0.588  R2=-0.0024  connAUC[peak/lag1/sum]=0.717/0.665/0.682
  bin=1    lag=2 l2=2     repro=0.588  R2=-0.0024  connAUC[peak/lag1/sum]=0.717/0.665/0.682
  bin=1    lag=2 l2=5     repro=0.588  R2=-0.0024  connAUC[peak/lag1/sum]=0.717/0.665/0.682
  bin=1    lag=2 l2=10    repro=0.589  R2=-0.0022  connAUC[peak/lag1/sum]=0.717/0.666/0.682
    (bin=1 lag=2 447s | 5 configs saved)
  bin=1    lag=3 l2=0.5   repro=0.635  R2=-0.0047  connAUC[peak/lag1/sum]=0.750/0.662/0.697
  bin=1    lag=3 l2=1     repro=0.635  R2=-0.0047  connAUC[peak/lag1/sum]=0.750/0.662/0.697
  bin=1    lag=3 l2=2     repro=0.635  R2=-0.0047  connAUC[peak/lag1/sum]=0.750/0.662/0.697
  bin=1    lag=3 l2=5     repro=0.636  R2=-0.0046  connAUC[peak/lag1/sum]=0.750/0.662/0.697
  bin=1    lag=3 l2=10    repro=0.636  R2=-0.0044  connAUC[peak/lag1/sum]=0.750/0.662/0.698
    (bin=1 lag=3 557s | 10 configs saved)
  bin=1    lag=4 l2=0.5   repro=0.655  R2=-0.0055  connAUC[peak/lag1/sum]=0.780/0.661/0.721
  bin=1    lag=4 l2=1     repro=0.655  R2=-0.0055  connAUC[peak/lag1/sum]=0.780/0.661/0.721
  bin=1    lag=4 l2=2     repro=0.655  R2=-0.0054  connAUC[peak/lag1/sum]=0.780/0.661/0.721
  bin=1    lag=4 l2=5     repro=0.655  R2=-0.0053  connAUC[peak/lag1/sum]=0.780/0.661/0.721
  bin=1    lag=4 l2=10    repro=0.656  R2=-0.0051  connAUC[peak/lag1/sum]=0.780/0.661/0.721
    (bin=1 lag=4 681s | 15 configs saved)
  bin=1    lag=6 l2=0.5   repro=0.666  R2=-0.0058  connAUC[peak/lag1/sum]=0.810/0.654/0.759
  bin=1    lag=6 l2=1     repro=0.666  R2=-0.0058  connAUC[peak/lag1/sum]=0.810/0.654/0.759
  bin=1    lag=6 l2=2     repro=0.666  R2=-0.0057  connAUC[peak/lag1/sum]=0.810/0.654/0.759
  bin=1    lag=6 l2=5     repro=0.666  R2=-0.0055  connAUC[peak/lag1/sum]=0.810/0.654/0.759
  bin=1    lag=6 l2=10    repro=0.666  R2=-0.0052  connAUC[peak/lag1/sum]=0.810/0.654/0.759
    (bin=1 lag=6 1053s | 20 configs saved)
  bin=1    lag=8 l2=0.5   repro=0.669  R2=-0.0092  connAUC[peak/lag1/sum]=0.850/0.653/0.813
  bin=1    lag=8 l2=1     repro=0.669  R2=-0.0091  connAUC[peak/lag1/sum]=0.850/0.653/0.813
  bin=1    lag=8 l2=2     repro=0.669  R2=-0.0090  connAUC[peak/lag1/sum]=0.850/0.653/0.813
  bin=1    lag=8 l2=5     repro=0.669  R2=-0.0088  connAUC[peak/lag1/sum]=0.850/0.653/0.813
  bin=1    lag=8 l2=10    repro=0.669  R2=-0.0084  connAUC[peak/lag1/sum]=0.850/0.653/0.812
    (bin=1 lag=8 1413s | 25 configs saved)
[sweep] bin=2ms  M[926x1500000]  50rec  load 0.5s
  bin=2    lag=2 l2=0.5   repro=0.528  R2=+0.0028  connAUC[peak/lag1/sum]=0.769/0.680/0.732
  bin=2    lag=2 l2=1     repro=0.528  R2=+0.0028  connAUC[peak/lag1/sum]=0.769/0.680/0.732
  bin=2    lag=2 l2=2     repro=0.528  R2=+0.0028  connAUC[peak/lag1/sum]=0.769/0.680/0.732
  bin=2    lag=2 l2=5     repro=0.528  R2=+0.0029  connAUC[peak/lag1/sum]=0.769/0.680/0.732
  bin=2    lag=2 l2=10    repro=0.529  R2=+0.0031  connAUC[peak/lag1/sum]=0.769/0.680/0.732
    (bin=2 lag=2 283s | 30 configs saved)
  bin=2    lag=3 l2=0.5   repro=0.603  R2=+0.0050  connAUC[peak/lag1/sum]=0.817/0.672/0.774
  bin=2    lag=3 l2=1     repro=0.603  R2=+0.0051  connAUC[peak/lag1/sum]=0.817/0.672/0.774
  bin=2    lag=3 l2=2     repro=0.603  R2=+0.0051  connAUC[peak/lag1/sum]=0.817/0.672/0.774
  bin=2    lag=3 l2=5     repro=0.603  R2=+0.0053  connAUC[peak/lag1/sum]=0.817/0.672/0.774
  bin=2    lag=3 l2=10    repro=0.603  R2=+0.0056  connAUC[peak/lag1/sum]=0.817/0.672/0.774
    (bin=2 lag=3 329s | 35 configs saved)
  bin=2    lag=4 l2=0.5   repro=0.640  R2=+0.0029  connAUC[peak/lag1/sum]=0.868/0.669/0.833
  bin=2    lag=4 l2=1     repro=0.640  R2=+0.0029  connAUC[peak/lag1/sum]=0.868/0.669/0.833
  bin=2    lag=4 l2=2     repro=0.640  R2=+0.0030  connAUC[peak/lag1/sum]=0.868/0.669/0.833
  bin=2    lag=4 l2=5     repro=0.640  R2=+0.0032  connAUC[peak/lag1/sum]=0.868/0.669/0.833
  bin=2    lag=4 l2=10    repro=0.641  R2=+0.0036  connAUC[peak/lag1/sum]=0.867/0.669/0.833
    (bin=2 lag=4 713s | 40 configs saved)
  bin=2    lag=6 l2=0.5   repro=0.670  R2=-0.0030  connAUC[peak/lag1/sum]=0.933/0.666/0.922
  bin=2    lag=6 l2=1     repro=0.670  R2=-0.0030  connAUC[peak/lag1/sum]=0.933/0.666/0.922
  bin=2    lag=6 l2=2     repro=0.670  R2=-0.0029  connAUC[peak/lag1/sum]=0.933/0.666/0.922
  bin=2    lag=6 l2=5     repro=0.670  R2=-0.0026  connAUC[peak/lag1/sum]=0.933/0.666/0.922
  bin=2    lag=6 l2=10    repro=0.671  R2=-0.0021  connAUC[peak/lag1/sum]=0.933/0.666/0.922
    (bin=2 lag=6 1215s | 45 configs saved)
  bin=2    lag=8 l2=0.5   repro=0.679  R2=-0.0102  connAUC[peak/lag1/sum]=0.958/0.665/0.959
  bin=2    lag=8 l2=1     repro=0.679  R2=-0.0102  connAUC[peak/lag1/sum]=0.958/0.665/0.959
  bin=2    lag=8 l2=2     repro=0.679  R2=-0.0100  connAUC[peak/lag1/sum]=0.958/0.665/0.959
  bin=2    lag=8 l2=5     repro=0.679  R2=-0.0096  connAUC[peak/lag1/sum]=0.958/0.665/0.959
  bin=2    lag=8 l2=10    repro=0.680  R2=-0.0090  connAUC[peak/lag1/sum]=0.958/0.665/0.959
    (bin=2 lag=8 1516s | 50 configs saved)
[sweep] bin=3ms  M[926x1000000]  50rec  load 2.2s
  bin=3    lag=2 l2=0.5   repro=0.496  R2=+0.0135  connAUC[peak/lag1/sum]=0.820/0.724/0.790
  bin=3    lag=2 l2=1     repro=0.496  R2=+0.0136  connAUC[peak/lag1/sum]=0.820/0.724/0.790
  bin=3    lag=2 l2=2     repro=0.496  R2=+0.0136  connAUC[peak/lag1/sum]=0.820/0.724/0.790
  bin=3    lag=2 l2=5     repro=0.496  R2=+0.0138  connAUC[peak/lag1/sum]=0.820/0.724/0.790
  bin=3    lag=2 l2=10    repro=0.497  R2=+0.0141  connAUC[peak/lag1/sum]=0.820/0.724/0.790
    (bin=3 lag=2 390s | 55 configs saved)
  bin=3    lag=3 l2=0.5   repro=0.573  R2=+0.0111  connAUC[peak/lag1/sum]=0.898/0.723/0.879
  bin=3    lag=3 l2=1     repro=0.574  R2=+0.0112  connAUC[peak/lag1/sum]=0.898/0.723/0.879
  bin=3    lag=3 l2=2     repro=0.574  R2=+0.0113  connAUC[peak/lag1/sum]=0.898/0.723/0.879
  bin=3    lag=3 l2=5     repro=0.574  R2=+0.0115  connAUC[peak/lag1/sum]=0.898/0.723/0.879
  bin=3    lag=3 l2=10    repro=0.574  R2=+0.0119  connAUC[peak/lag1/sum]=0.898/0.723/0.879
    (bin=3 lag=3 486s | 60 configs saved)
  bin=3    lag=4 l2=0.5   repro=0.614  R2=+0.0071  connAUC[peak/lag1/sum]=0.941/0.722/0.930
  bin=3    lag=4 l2=1     repro=0.615  R2=+0.0072  connAUC[peak/lag1/sum]=0.941/0.722/0.930
  bin=3    lag=4 l2=2     repro=0.615  R2=+0.0073  connAUC[peak/lag1/sum]=0.941/0.722/0.930
  bin=3    lag=4 l2=5     repro=0.615  R2=+0.0076  connAUC[peak/lag1/sum]=0.941/0.722/0.930
  bin=3    lag=4 l2=10    repro=0.616  R2=+0.0081  connAUC[peak/lag1/sum]=0.940/0.722/0.930
    (bin=3 lag=4 622s | 65 configs saved)
  bin=3    lag=6 l2=0.5   repro=0.652  R2=-0.0032  connAUC[peak/lag1/sum]=0.960/0.720/0.963
  bin=3    lag=6 l2=1     repro=0.652  R2=-0.0031  connAUC[peak/lag1/sum]=0.960/0.720/0.963
  bin=3    lag=6 l2=2     repro=0.652  R2=-0.0030  connAUC[peak/lag1/sum]=0.960/0.720/0.963
  bin=3    lag=6 l2=5     repro=0.652  R2=-0.0026  connAUC[peak/lag1/sum]=0.960/0.720/0.963
  bin=3    lag=6 l2=10    repro=0.653  R2=-0.0019  connAUC[peak/lag1/sum]=0.960/0.720/0.963
    (bin=3 lag=6 845s | 70 configs saved)
  bin=3    lag=8 l2=0.5   repro=0.664  R2=-0.0132  connAUC[peak/lag1/sum]=0.959/0.721/0.958
  bin=3    lag=8 l2=1     repro=0.664  R2=-0.0131  connAUC[peak/lag1/sum]=0.959/0.721/0.958
  bin=3    lag=8 l2=2     repro=0.664  R2=-0.0129  connAUC[peak/lag1/sum]=0.959/0.721/0.958
  bin=3    lag=8 l2=5     repro=0.664  R2=-0.0124  connAUC[peak/lag1/sum]=0.959/0.721/0.958
  bin=3    lag=8 l2=10    repro=0.665  R2=-0.0115  connAUC[peak/lag1/sum]=0.959/0.721/0.958
    (bin=3 lag=8 1046s | 75 configs saved)
[sweep] bin=4ms  M[926x750000]  50rec  load 1.3s
  bin=4    lag=2 l2=0.5   repro=0.476  R2=+0.0199  connAUC[peak/lag1/sum]=0.885/0.764/0.868
  bin=4    lag=2 l2=1     repro=0.476  R2=+0.0200  connAUC[peak/lag1/sum]=0.885/0.764/0.868
  bin=4    lag=2 l2=2     repro=0.476  R2=+0.0200  connAUC[peak/lag1/sum]=0.885/0.764/0.868
  bin=4    lag=2 l2=5     repro=0.476  R2=+0.0202  connAUC[peak/lag1/sum]=0.885/0.764/0.868
  bin=4    lag=2 l2=10    repro=0.477  R2=+0.0206  connAUC[peak/lag1/sum]=0.885/0.764/0.868
    (bin=4 lag=2 329s | 80 configs saved)
  bin=4    lag=3 l2=0.5   repro=0.551  R2=+0.0153  connAUC[peak/lag1/sum]=0.948/0.761/0.941
  bin=4    lag=3 l2=1     repro=0.551  R2=+0.0154  connAUC[peak/lag1/sum]=0.948/0.761/0.941
  bin=4    lag=3 l2=2     repro=0.551  R2=+0.0155  connAUC[peak/lag1/sum]=0.948/0.761/0.941
  bin=4    lag=3 l2=5     repro=0.551  R2=+0.0158  connAUC[peak/lag1/sum]=0.948/0.761/0.941
  bin=4    lag=3 l2=10    repro=0.552  R2=+0.0162  connAUC[peak/lag1/sum]=0.948/0.761/0.941
    (bin=4 lag=3 427s | 85 configs saved)
  bin=4    lag=4 l2=0.5   repro=0.594  R2=+0.0089  connAUC[peak/lag1/sum]=0.963/0.760/0.965
  bin=4    lag=4 l2=1     repro=0.594  R2=+0.0089  connAUC[peak/lag1/sum]=0.963/0.760/0.965
  bin=4    lag=4 l2=2     repro=0.594  R2=+0.0090  connAUC[peak/lag1/sum]=0.963/0.760/0.965
  bin=4    lag=4 l2=5     repro=0.594  R2=+0.0094  connAUC[peak/lag1/sum]=0.963/0.760/0.965
  bin=4    lag=4 l2=10    repro=0.595  R2=+0.0100  connAUC[peak/lag1/sum]=0.963/0.760/0.965
    (bin=4 lag=4 549s | 90 configs saved)
  bin=4    lag=6 l2=0.5   repro=0.632  R2=-0.0042  connAUC[peak/lag1/sum]=0.961/0.760/0.959
  bin=4    lag=6 l2=1     repro=0.632  R2=-0.0041  connAUC[peak/lag1/sum]=0.961/0.760/0.959
  bin=4    lag=6 l2=2     repro=0.633  R2=-0.0039  connAUC[peak/lag1/sum]=0.961/0.760/0.959
  bin=4    lag=6 l2=5     repro=0.633  R2=-0.0034  connAUC[peak/lag1/sum]=0.961/0.760/0.959
  bin=4    lag=6 l2=10    repro=0.634  R2=-0.0026  connAUC[peak/lag1/sum]=0.961/0.760/0.959
    (bin=4 lag=6 764s | 95 configs saved)
  bin=4    lag=8 l2=0.5   repro=0.645  R2=-0.0157  connAUC[peak/lag1/sum]=0.960/0.760/0.952
  bin=4    lag=8 l2=1     repro=0.645  R2=-0.0156  connAUC[peak/lag1/sum]=0.960/0.760/0.952
  bin=4    lag=8 l2=2     repro=0.646  R2=-0.0154  connAUC[peak/lag1/sum]=0.960/0.760/0.952
  bin=4    lag=8 l2=5     repro=0.646  R2=-0.0148  connAUC[peak/lag1/sum]=0.960/0.760/0.952
  bin=4    lag=8 l2=10    repro=0.647  R2=-0.0137  connAUC[peak/lag1/sum]=0.960/0.760/0.952
    (bin=4 lag=8 922s | 100 configs saved)
[sweep] bin=5ms  M[926x600000]  50rec  load 1.6s
  bin=5    lag=2 l2=0.5   repro=0.462  R2=+0.0269  connAUC[peak/lag1/sum]=0.930/0.812/0.922
  bin=5    lag=2 l2=1     repro=0.462  R2=+0.0270  connAUC[peak/lag1/sum]=0.930/0.812/0.922
  bin=5    lag=2 l2=2     repro=0.463  R2=+0.0271  connAUC[peak/lag1/sum]=0.930/0.812/0.922
  bin=5    lag=2 l2=5     repro=0.463  R2=+0.0273  connAUC[peak/lag1/sum]=0.930/0.812/0.922
  bin=5    lag=2 l2=10    repro=0.463  R2=+0.0277  connAUC[peak/lag1/sum]=0.930/0.812/0.921
    (bin=5 lag=2 280s | 105 configs saved)
  bin=5    lag=3 l2=0.5   repro=0.534  R2=+0.0198  connAUC[peak/lag1/sum]=0.965/0.810/0.964
  bin=5    lag=3 l2=1     repro=0.534  R2=+0.0198  connAUC[peak/lag1/sum]=0.965/0.810/0.964
  bin=5    lag=3 l2=2     repro=0.534  R2=+0.0199  connAUC[peak/lag1/sum]=0.965/0.810/0.964
  bin=5    lag=3 l2=5     repro=0.534  R2=+0.0203  connAUC[peak/lag1/sum]=0.965/0.810/0.964
  bin=5    lag=3 l2=10    repro=0.535  R2=+0.0208  connAUC[peak/lag1/sum]=0.964/0.810/0.964
    (bin=5 lag=3 360s | 110 configs saved)
  bin=5    lag=4 l2=0.5   repro=0.574  R2=+0.0116  connAUC[peak/lag1/sum]=0.963/0.810/0.962
  bin=5    lag=4 l2=1     repro=0.574  R2=+0.0117  connAUC[peak/lag1/sum]=0.963/0.810/0.962
  bin=5    lag=4 l2=2     repro=0.574  R2=+0.0118  connAUC[peak/lag1/sum]=0.963/0.810/0.962
  bin=5    lag=4 l2=5     repro=0.574  R2=+0.0122  connAUC[peak/lag1/sum]=0.963/0.810/0.962
  bin=5    lag=4 l2=10    repro=0.575  R2=+0.0129  connAUC[peak/lag1/sum]=0.963/0.810/0.962
    (bin=5 lag=4 474s | 115 configs saved)
  bin=5    lag=6 l2=0.5   repro=0.612  R2=-0.0030  connAUC[peak/lag1/sum]=0.962/0.810/0.953
  bin=5    lag=6 l2=1     repro=0.613  R2=-0.0029  connAUC[peak/lag1/sum]=0.962/0.810/0.953
  bin=5    lag=6 l2=2     repro=0.613  R2=-0.0027  connAUC[peak/lag1/sum]=0.962/0.810/0.953
  bin=5    lag=6 l2=5     repro=0.613  R2=-0.0021  connAUC[peak/lag1/sum]=0.962/0.810/0.953
  bin=5    lag=6 l2=10    repro=0.614  R2=-0.0012  connAUC[peak/lag1/sum]=0.962/0.810/0.953
    (bin=5 lag=6 616s | 120 configs saved)
  bin=5    lag=8 l2=0.5   repro=0.625  R2=-0.0160  connAUC[peak/lag1/sum]=0.961/0.810/0.947
  bin=5    lag=8 l2=1     repro=0.625  R2=-0.0159  connAUC[peak/lag1/sum]=0.961/0.810/0.947
  bin=5    lag=8 l2=2     repro=0.625  R2=-0.0156  connAUC[peak/lag1/sum]=0.961/0.810/0.947
  bin=5    lag=8 l2=5     repro=0.625  R2=-0.0149  connAUC[peak/lag1/sum]=0.961/0.810/0.947
  bin=5    lag=8 l2=10    repro=0.626  R2=-0.0136  connAUC[peak/lag1/sum]=0.961/0.810/0.947
    (bin=5 lag=8 765s | 125 configs saved)
[sweep] bin=7ms  M[926x428550]  50rec  load 1.7s
  bin=7    lag=2 l2=0.5   repro=0.446  R2=+0.0293  connAUC[peak/lag1/sum]=0.965/0.894/0.963
  bin=7    lag=2 l2=1     repro=0.446  R2=+0.0293  connAUC[peak/lag1/sum]=0.965/0.894/0.963
  bin=7    lag=2 l2=2     repro=0.446  R2=+0.0294  connAUC[peak/lag1/sum]=0.965/0.894/0.963
  bin=7    lag=2 l2=5     repro=0.447  R2=+0.0297  connAUC[peak/lag1/sum]=0.965/0.894/0.963
  bin=7    lag=2 l2=10    repro=0.447  R2=+0.0302  connAUC[peak/lag1/sum]=0.965/0.894/0.963
    (bin=7 lag=2 216s | 130 configs saved)
  bin=7    lag=3 l2=0.5   repro=0.510  R2=+0.0185  connAUC[peak/lag1/sum]=0.964/0.894/0.960
  bin=7    lag=3 l2=1     repro=0.510  R2=+0.0186  connAUC[peak/lag1/sum]=0.964/0.894/0.960
  bin=7    lag=3 l2=2     repro=0.510  R2=+0.0187  connAUC[peak/lag1/sum]=0.964/0.894/0.960
  bin=7    lag=3 l2=5     repro=0.511  R2=+0.0191  connAUC[peak/lag1/sum]=0.964/0.894/0.960
  bin=7    lag=3 l2=10    repro=0.511  R2=+0.0198  connAUC[peak/lag1/sum]=0.964/0.894/0.960
    (bin=7 lag=3 285s | 135 configs saved)
  bin=7    lag=4 l2=0.5   repro=0.547  R2=+0.0086  connAUC[peak/lag1/sum]=0.963/0.895/0.953
  bin=7    lag=4 l2=1     repro=0.547  R2=+0.0087  connAUC[peak/lag1/sum]=0.963/0.895/0.953
  bin=7    lag=4 l2=2     repro=0.547  R2=+0.0089  connAUC[peak/lag1/sum]=0.963/0.895/0.953
  bin=7    lag=4 l2=5     repro=0.548  R2=+0.0095  connAUC[peak/lag1/sum]=0.963/0.895/0.953
  bin=7    lag=4 l2=10    repro=0.548  R2=+0.0103  connAUC[peak/lag1/sum]=0.963/0.895/0.953
    (bin=7 lag=4 342s | 140 configs saved)
  bin=7    lag=6 l2=0.5   repro=0.581  R2=-0.0090  connAUC[peak/lag1/sum]=0.962/0.895/0.945
  bin=7    lag=6 l2=1     repro=0.581  R2=-0.0088  connAUC[peak/lag1/sum]=0.962/0.895/0.945
  bin=7    lag=6 l2=2     repro=0.581  R2=-0.0086  connAUC[peak/lag1/sum]=0.962/0.895/0.945
  bin=7    lag=6 l2=5     repro=0.582  R2=-0.0078  connAUC[peak/lag1/sum]=0.962/0.895/0.945
  bin=7    lag=6 l2=10    repro=0.582  R2=-0.0066  connAUC[peak/lag1/sum]=0.962/0.895/0.945
    (bin=7 lag=6 481s | 145 configs saved)
  bin=7    lag=8 l2=0.5   repro=0.593  R2=-0.0245  connAUC[peak/lag1/sum]=0.960/0.895/0.940
  bin=7    lag=8 l2=1     repro=0.593  R2=-0.0244  connAUC[peak/lag1/sum]=0.960/0.895/0.940
  bin=7    lag=8 l2=2     repro=0.593  R2=-0.0240  connAUC[peak/lag1/sum]=0.960/0.895/0.940
  bin=7    lag=8 l2=5     repro=0.594  R2=-0.0231  connAUC[peak/lag1/sum]=0.960/0.895/0.940
  bin=7    lag=8 l2=10    repro=0.594  R2=-0.0215  connAUC[peak/lag1/sum]=0.960/0.895/0.940
    (bin=7 lag=8 597s | 150 configs saved)
[sweep] bin=10ms  M[926x300000]  50rec  load 2.0s
  bin=10   lag=2 l2=0.5   repro=0.429  R2=+0.0269  connAUC[peak/lag1/sum]=0.959/0.951/0.953
  bin=10   lag=2 l2=1     repro=0.429  R2=+0.0269  connAUC[peak/lag1/sum]=0.959/0.951/0.953
  bin=10   lag=2 l2=2     repro=0.429  R2=+0.0271  connAUC[peak/lag1/sum]=0.959/0.951/0.953
  bin=10   lag=2 l2=5     repro=0.430  R2=+0.0275  connAUC[peak/lag1/sum]=0.959/0.951/0.953
  bin=10   lag=2 l2=10    repro=0.430  R2=+0.0281  connAUC[peak/lag1/sum]=0.959/0.951/0.953
    (bin=10 lag=2 194s | 155 configs saved)
  bin=10   lag=3 l2=0.5   repro=0.484  R2=+0.0136  connAUC[peak/lag1/sum]=0.959/0.952/0.943
  bin=10   lag=3 l2=1     repro=0.484  R2=+0.0137  connAUC[peak/lag1/sum]=0.959/0.952/0.943
  bin=10   lag=3 l2=2     repro=0.485  R2=+0.0139  connAUC[peak/lag1/sum]=0.958/0.952/0.943
  bin=10   lag=3 l2=5     repro=0.485  R2=+0.0144  connAUC[peak/lag1/sum]=0.958/0.952/0.943
  bin=10   lag=3 l2=10    repro=0.486  R2=+0.0154  connAUC[peak/lag1/sum]=0.958/0.952/0.943
    (bin=10 lag=3 247s | 160 configs saved)
  bin=10   lag=4 l2=0.5   repro=0.515  R2=+0.0014  connAUC[peak/lag1/sum]=0.958/0.952/0.938
  bin=10   lag=4 l2=1     repro=0.515  R2=+0.0016  connAUC[peak/lag1/sum]=0.958/0.952/0.939
  bin=10   lag=4 l2=2     repro=0.515  R2=+0.0018  connAUC[peak/lag1/sum]=0.958/0.952/0.939
  bin=10   lag=4 l2=5     repro=0.515  R2=+0.0025  connAUC[peak/lag1/sum]=0.958/0.952/0.939
  bin=10   lag=4 l2=10    repro=0.516  R2=+0.0037  connAUC[peak/lag1/sum]=0.958/0.952/0.939
    (bin=10 lag=4 297s | 165 configs saved)
  bin=10   lag=6 l2=0.5   repro=0.544  R2=-0.0201  connAUC[peak/lag1/sum]=0.957/0.953/0.934
  bin=10   lag=6 l2=1     repro=0.544  R2=-0.0200  connAUC[peak/lag1/sum]=0.957/0.953/0.934
  bin=10   lag=6 l2=2     repro=0.544  R2=-0.0196  connAUC[peak/lag1/sum]=0.956/0.953/0.934
  bin=10   lag=6 l2=5     repro=0.545  R2=-0.0186  connAUC[peak/lag1/sum]=0.956/0.953/0.934
  bin=10   lag=6 l2=10    repro=0.545  R2=-0.0169  connAUC[peak/lag1/sum]=0.956/0.952/0.934
    (bin=10 lag=6 384s | 170 configs saved)
  bin=10   lag=8 l2=0.5   repro=0.556  R2=-0.0398  connAUC[peak/lag1/sum]=0.956/0.952/0.929
  bin=10   lag=8 l2=1     repro=0.556  R2=-0.0396  connAUC[peak/lag1/sum]=0.956/0.952/0.929
  bin=10   lag=8 l2=2     repro=0.556  R2=-0.0392  connAUC[peak/lag1/sum]=0.956/0.952/0.929
  bin=10   lag=8 l2=5     repro=0.556  R2=-0.0378  connAUC[peak/lag1/sum]=0.956/0.952/0.929
  bin=10   lag=8 l2=10    repro=0.557  R2=-0.0357  connAUC[peak/lag1/sum]=0.956/0.952/0.929
    (bin=10 lag=8 480s | 175 configs saved)

========================================================================
LABEL-FREE SELECTION
  reproducibility-pick (PRIMARY): bin=2 max_lag=8 l2=10 | repro=0.680 R2=-0.0090 -> connAUC(peak)=0.9578 AP=0.7312
  heldout-R2-pick (secondary)   : bin=7 max_lag=2 l2=10 | repro=0.447 R2=+0.0302 -> connAUC(peak)=0.9647 AP=0.7463
ORACLE (max connectivity AUC -- NOT used for selection; honesty check):
  oracle                        : bin=7 max_lag=2 l2=0.5 | repro=0.446 R2=+0.0293 -> connAUC(peak)=0.9648 AP=0.7471
LEAKAGE GAP AVOIDED (repro pick vs oracle): +0.0071 AUC
========================================================================
[sweep] saved -> glm_sweep_results.json
