[LIF-full] session=notebooks/NEURON data parallel/normal/20260721_163430
[LIF-full] device=cpu workers=4 epochs=30 K=100 max_delay=5 batch=256 exclude_bursts=true
[LIF-full] checkpoints -> notebooks/NEURON data parallel/normal/20260721_163430\lif_checkpoints

======================================================================
LEARNED LIF CONNECTIVITY (Event Windows + Per-Neuron Weights)
Session: 20260721_163430
K=100, epochs=30, lr=0.001, max_delay=5, l1=0.01
Window: warmup=30, pre=50, post=10 (90 bins)
Event anchor mode: post
Threshold mode: adaptive
Connectivity thresholding: surrogate_fdr
Device: cpu
======================================================================

  Loading data...
  Loaded 50 recordings, total duration: 3000s
  Neurons: 926, Connections: 13356
  Spike matrix: [926, 3000000] (775179 total spikes)
  Recording boundaries: [0, 60000, 120000, 180000, 240000, 300000, 360000, 420000, 480000, 540000, 600000, 660000, 720000, 780000, 840000, 900000, 960000, 1020000, 1080000, 1140000, 1200000, 1260000, 1320000, 1380000, 1440000, 1500000, 1560000, 1620000, 1680000, 1740000, 1800000, 1860000, 1920000, 1980000, 2040000, 2100000, 2160000, 2220000, 2280000, 2340000, 2400000, 2460000, 2520000, 2580000, 2640000, 2700000, 2760000, 2820000, 2880000, 2940000, 3000000]
  Detected burst windows: 251
  Detected excluded bins: 156650
  Mean burst threshold: 0.142 active fraction per 100 ms bin
  Total excluded bins: 156650
  Candidate mode: hybrid
  Candidate mix: 80 spatial + 20 temporal (lag 1-5 bins)
  Temporal candidate scoring excludes configured excluded bins
  Mean temporal-only candidates per neuron: 17.4
  K=100, coverage: 8587/13356 (64.3%)

  Extracting event windows...
  Validation strategy: held-out recordings (40 train, 10 val), excluding 156650 bins
  Train windows: 882508 (441254 pos, 441254 neg)
  Val windows:   228070 (114035 pos, 114035 neg)
  Parameters: 557,456 (W: 92,600, delays: 463,000, membrane+threshold: 1,856)

  Training with event windows...
    Epoch   1: loss=0.1829 (spike=0.1827 l1=0.0003) val_loss=0.1721 conn_AUC=0.7393 alpha=0.893 theta_mode=adaptive theta0=0.535 eta=0.605 rho=0.662 (134s)
    Epoch   5: loss=0.1644 (spike=0.1640 l1=0.0004) val_loss=0.1660 conn_AUC=0.8780 alpha=0.971 theta_mode=adaptive theta0=0.411 eta=0.666 rho=0.217 (593s)
    Epoch  10: loss=0.1629 (spike=0.1625 l1=0.0004) val_loss=0.1648 conn_AUC=0.8456 alpha=0.999 theta_mode=adaptive theta0=0.343 eta=0.674 rho=0.804 (1142s)
    Epoch  15: loss=0.1629 (spike=0.1625 l1=0.0004) val_loss=0.1648 conn_AUC=0.8388 alpha=0.999 theta_mode=adaptive theta0=0.309 eta=0.664 rho=0.825 (1691s)
    Epoch  20: loss=0.1620 (spike=0.1615 l1=0.0004) val_loss=0.1647 conn_AUC=0.8431 alpha=0.999 theta_mode=adaptive theta0=0.307 eta=0.660 rho=0.785 (2238s)
    Epoch  25: loss=0.1618 (spike=0.1614 l1=0.0004) val_loss=0.1649 conn_AUC=0.8458 alpha=0.999 theta_mode=adaptive theta0=0.307 eta=0.663 rho=0.724 (2784s)
    Epoch  30: loss=0.1611 (spike=0.1607 l1=0.0004) val_loss=0.1649 conn_AUC=0.8467 alpha=0.999 theta_mode=adaptive theta0=0.308 eta=0.659 rho=0.672 (3330s)
  Done in 3330s, best val loss=0.1647

  Calibrating non-leaky connectivity threshold with 4 circular-shift surrogates (target FDR=0.005) for surrogate-threshold output...
  Surrogate score sets: 4 models x 92600 edges

  ==================================================
  HELD-OUT WINDOW VALIDATION
  ==================================================
  Strategy:   held-out recordings (40 train, 10 val), excluding 156650 bins
  Loss:       0.1647
  Spike loss: 0.1643
  L1 loss:    0.0004
  Windows:    228070

  CONNECTIVITY RESULTS (all fitted neurons)
  AUC:       0.8431
  AP:        0.6520
  F1:        0.3710
  Threshold rule: surrogate_fdr
  Estimated FDR: 0.0050 (target 0.0050)
  Oracle figure threshold: 0.0985
  Surrogate figure threshold: 0.0480

  Learned: alpha=0.9991 (tau_m~1087.0ms), threshold_mode=adaptive, threshold_base=0.3069, threshold_inc=0.6603, threshold_decay=0.7850, beta=9.8294
  Visualization saved: D:\HAI Lab\2026\NEURON model\07 July 2026\inference\learned_lif_outputs\learned_lif_20260721_163430_surrogate_fdr.png
  Visualization saved: D:\HAI Lab\2026\NEURON model\07 July 2026\inference\learned_lif_outputs\learned_lif_20260721_163430_oracle_f1.png
  Model + connectivity saved: D:\HAI Lab\2026\NEURON model\07 July 2026\inference\learned_lif_outputs\learned_lif_20260721_163430.pt
  Connectivity matrix saved: D:\HAI Lab\2026\NEURON model\07 July 2026\inference\learned_lif_outputs\connectivity_20260721_163430.npz
[LIF-full][warn] reconstructed AUC 0.8260 != pipeline AUC 0.8431; candidate reconstruction may differ.

[LIF-full] DONE 1.86h | AUC=0.8260 AP=0.6540 | 8587 true / 92600 candidate edges
[LIF-full] oracle_f1      TP=4510 FP=1386 FN=4077 (P=0.7649 R=0.5252 F1=0.6228)
[LIF-full] surrogate_fdr  TP=6411 FP=16457 FN=2176 (P=0.2803 R=0.7466 F1=0.4076 estFDR=0.004995608256477822)
[LIF-full] low_fp(P>=0.9) TP=3680 FP=408 FN=4907 (P=0.9002 R=0.4286 F1=0.5807)
[LIF-full] results -> notebooks/NEURON data parallel/normal/20260721_163430\learned_lif_full_results.json
